[     995ms] [INFO] %cDownload the React DevTools for a better development experience: https://react.dev/link/react-devtools font-weight:bold @ http://localhost:3000/_next/static/chunks/node_modules_react-dom_0kla17-._.js:15093
[    1035ms] [LOG] [HMR] connected @ http://localhost:3000/_next/static/chunks/node_modules_next_dist_0zk-zb1._.js:756
[  581382ms] [LOG] [Fast Refresh] rebuilding @ http://localhost:3000/_next/static/chunks/node_modules_next_dist_0zk-zb1._.js:756
[  581419ms] [LOG] [Fast Refresh] done in 87ms @ http://localhost:3000/_next/static/chunks/node_modules_next_dist_0zk-zb1._.js:756
[  585315ms] [LOG] [Fast Refresh] done in 87ms @ http://localhost:3000/_next/static/chunks/node_modules_next_dist_0zk-zb1._.js:756
[  585454ms] [LOG] [Fast Refresh] rebuilding @ http://localhost:3000/_next/static/chunks/node_modules_next_dist_0zk-zb1._.js:756
[  585535ms] [ERROR] %o

%s

%s
 ReferenceError: visibleChartData is not defined
    at ExpertOrdersWidget (http://localhost:3000/_next/static/chunks/%5Broot-of-the-server%5D__1twxslb._.js?id=%255Bproject%255D/src/components/dashboard/widgets/ExpertOrdersWidget.tsx+%255Bclient%255D+(ecmascript):164:9)
    at Object.react_stack_bottom_frame (http://localhost:3000/_next/static/chunks/node_modules_react-dom_0kla17-._.js:13588:24)
    at renderWithHooks (http://localhost:3000/_next/static/chunks/node_modules_react-dom_0kla17-._.js:4252:24)
    at updateFunctionComponent (http://localhost:3000/_next/static/chunks/node_modules_react-dom_0kla17-._.js:5705:21)
    at beginWork (http://localhost:3000/_next/static/chunks/node_modules_react-dom_0kla17-._.js:6286:24)
    at runWithFiberInDEV (http://localhost:3000/_next/static/chunks/node_modules_react-dom_0kla17-._.js:674:74)
    at performUnitOfWork (http://localhost:3000/_next/static/chunks/node_modules_react-dom_0kla17-._.js:8682:97)
    at workLoopSync (http://localhost:3000/_next/static/chunks/node_modules_react-dom_0kla17-._.js:8576:40)
    at renderRootSync (http://localhost:3000/_next/static/chunks/node_modules_react-dom_0kla17-._.js:8560:13)
    at performWorkOnRoot (http://localhost:3000/_next/static/chunks/node_modules_react-dom_0kla17-._.js:8225:47)
    at performSyncWorkOnRoot (http://localhost:3000/_next/static/chunks/node_modules_react-dom_0kla17-._.js:9330:9)
    at flushSyncWorkAcrossRoots_impl (http://localhost:3000/_next/static/chunks/node_modules_react-dom_0kla17-._.js:9246:316)
    at flushSyncWork$1 (http://localhost:3000/_next/static/chunks/node_modules_react-dom_0kla17-._.js:8357:86)
    at Object.scheduleRefresh (http://localhost:3000/_next/static/chunks/node_modules_react-dom_0kla17-._.js:82:13)
    at http://localhost:3000/_next/static/chunks/node_modules_next_dist_compiled_14ibvna._.js:6097:33
    at Set.forEach (<anonymous>)
    at Object.performReactRefresh (http://localhost:3000/_next/static/chunks/node_modules_next_dist_compiled_14ibvna._.js:6090:38)
    at applyUpdate (http://localhost:3000/_next/static/chunks/node_modules_next_dist_compiled_14ibvna._.js:137:31)
    at http://localhost:3000/_next/static/chunks/node_modules_next_dist_compiled_14ibvna._.js:145:13 The above error occurred in the <ExpertOrdersWidget> component. React will try to recreate this component tree from scratch using the error boundary you provided, PagesDevOverlayErrorBoundary. @ http://localhost:3000/_next/static/chunks/node_modules_next_dist_0zk-zb1._.js:1817
[  585564ms] [LOG] [Fast Refresh] done in 27ms @ http://localhost:3000/_next/static/chunks/node_modules_next_dist_0zk-zb1._.js:756
[  585711ms] [LOG] [Fast Refresh] done in 27ms @ http://localhost:3000/_next/static/chunks/node_modules_next_dist_0zk-zb1._.js:756
[  590929ms] [LOG] [Fast Refresh] done in 27ms @ http://localhost:3000/_next/static/chunks/node_modules_next_dist_0zk-zb1._.js:756
[  591096ms] [LOG] [Fast Refresh] rebuilding @ http://localhost:3000/_next/static/chunks/node_modules_next_dist_0zk-zb1._.js:756
[  592433ms] [LOG] [Fast Refresh] done in 61ms @ http://localhost:3000/_next/static/chunks/node_modules_next_dist_0zk-zb1._.js:756
